\BOOKMARK [0][-]{chapter.1}{\376\377\000I\000n\000t\000r\000o\000d\000u\000c\000t\000i\000o\000n}{}% 1
\BOOKMARK [1][-]{section.1.1}{\376\377\000C\000o\000m\000p\000\351\000t\000e\000n\000c\000e\000\040\000\340\000\040\000a\000c\000q\000u\000\351\000r\000i\000r}{chapter.1}% 2
\BOOKMARK [1][-]{section.1.2}{\376\377\000O\000u\000t\000i\000l\000s\000\040\000u\000t\000i\000l\000i\000s\000e\000r\000\040\000p\000o\000u\000r\000\040\000c\000e\000\040\000r\000a\000p\000p\000o\000r\000t}{chapter.1}% 3
\BOOKMARK [1][-]{section.1.3}{\376\377\000\040\000L\000e\000s\000\040\000\351\000l\000\351\000m\000e\000n\000t\000s\000\040\000q\000u\000i\000\040\000i\000n\000f\000l\000u\000e\000n\000c\000e\000n\000t\000\040\000l\000a\000\040\000d\000i\000s\000t\000a\000n\000c\000e\000\040\000d\000e\000\040\000d\000\351\000c\000o\000l\000l\000a\000g\000e\000\040}{chapter.1}% 4
\BOOKMARK [2][-]{subsection.1.3.1}{\376\377\000A\000u\000t\000r\000e\000\040\000f\000a\000c\000t\000e\000u\000r\000\040}{section.1.3}% 5
\BOOKMARK [2][-]{subsection.1.3.2}{\376\377\000E\000n\000\040\000r\000\351\000s\000u\000m\000\351\000\040\000p\000o\000u\000r\000\040\000l\000a\000\040\000l\000i\000s\000t\000e\000\040\000:}{section.1.3}% 6
\BOOKMARK [0][-]{chapter.2}{\376\377\000\040\000D\000i\000s\000t\000a\000n\000c\000e\000\040\000p\000a\000r\000c\000o\000u\000r\000u\000e\000\040\000a\000u\000\040\000s\000o\000l\000\040}{}% 7
\BOOKMARK [1][-]{section.2.1}{\376\377\000F\000o\000r\000c\000e\000s\000\040\000a\000p\000p\000l\000i\000q\000u\000\351\000e\000s\000\040\000\340\000\040\000l\040\031\000a\000v\000i\000o\000n}{chapter.2}% 8
\BOOKMARK [1][-]{section.2.2}{\376\377\000\040\000M\000o\000d\000\350\000l\000e\000\040\0001\000\040\000:\000\040\000m\000\351\000t\000h\000o\000d\000e\000\040\000a\000n\000a\000l\000y\000t\000i\000q\000u\000e\000\040}{chapter.2}% 9
\BOOKMARK [2][-]{subsection.2.2.1}{\376\377\000A\000v\000a\000n\000t\000a\000g\000e\000s}{section.2.2}% 10
\BOOKMARK [2][-]{subsection.2.2.2}{\376\377\000H\000y\000p\000o\000t\000h\000\350\000s\000e\000s}{section.2.2}% 11
\BOOKMARK [2][-]{subsection.2.2.3}{\376\377\000D\000i\000s\000t\000a\000n\000c\000e\000\040\000d\000'\000a\000c\000c\000\351\000l\000\351\000r\000a\000t\000i\000o\000n}{section.2.2}% 12
\BOOKMARK [2][-]{subsection.2.2.4}{\376\377\000M\000o\000d\000\351\000l\000i\000s\000a\000t\000i\000o\000n\000\040\000d\000e\000s\000\040\000f\000o\000r\000c\000e\000s}{section.2.2}% 13
\BOOKMARK [2][-]{subsection.2.2.5}{\376\377\000G\000r\000a\000p\000h\000e\000\040\000e\000t\000\040\000a\000n\000a\000l\000y\000s\000e}{section.2.2}% 14
\BOOKMARK [1][-]{section.2.3}{\376\377\000\040\000M\000\351\000t\000h\000o\000d\000e\000\040\000g\000\351\000n\000\351\000r\000a\000l\000e\000\040\000d\040\031\000e\000s\000t\000i\000m\000a\000t\000i\000o\000n\000\040\000u\000t\000i\000l\000i\000s\000a\000n\000t\000\040\000u\000n\000e\000\040\000v\000i\000t\000e\000s\000s\000e\000\040\000m\000o\000y\000e\000n\000n\000e\000\040\000d\000e\000\040\000d\000\351\000c\000o\000l\000l\000a\000g\000e\000\040}{chapter.2}% 15
\BOOKMARK [2][-]{subsection.2.3.1}{\376\377\000A\000v\000a\000n\000t\000a\000g\000e\000s}{section.2.3}% 16
\BOOKMARK [2][-]{subsection.2.3.2}{\376\377\000H\000y\000p\000o\000t\000h\000\350\000s\000e}{section.2.3}% 17
\BOOKMARK [2][-]{subsection.2.3.3}{\376\377\000D\000i\000s\000t\000a\000n\000c\000e\000\040\000d\040\031\000a\000c\000c\000\351\000l\000\351\000r\000a\000t\000i\000o\000n}{section.2.3}% 18
\BOOKMARK [2][-]{subsection.2.3.4}{\376\377\000M\000o\000d\000\351\000l\000i\000s\000a\000t\000i\000o\000n\000\040\000d\000e\000s\000\040\000f\000o\000r\000c\000e\000s}{section.2.3}% 19
\BOOKMARK [1][-]{section.2.4}{\376\377\000\040\000M\000\351\000t\000h\000o\000d\000e\000\040\000d\040\031\000i\000n\000t\000\351\000g\000r\000a\000t\000i\000o\000n\000\040\000n\000u\000m\000\351\000r\000i\000q\000u\000e}{chapter.2}% 20
\BOOKMARK [2][-]{subsection.2.4.1}{\376\377\000A\000v\000a\000n\000t\000a\000g\000e\000s}{section.2.4}% 21
\BOOKMARK [2][-]{subsection.2.4.2}{\376\377\000H\000y\000p\000o\000t\000h\000\350\000s\000e\000s}{section.2.4}% 22
\BOOKMARK [2][-]{subsection.2.4.3}{\376\377\000D\000i\000s\000t\000a\000n\000c\000e\000\040\000d\000'\000a\000c\000c\000\351\000l\000\351\000r\000a\000t\000i\000o\000n\000\040}{section.2.4}% 23
\BOOKMARK [2][-]{subsection.2.4.4}{\376\377\000G\000r\000a\000p\000h\000e\000\040\000e\000t\000\040\000a\000n\000a\000l\000y\000s\000e}{section.2.4}% 24
\BOOKMARK [1][-]{section.2.5}{\376\377\000M\000o\000d\000e\000l\000\040\0005}{chapter.2}% 25
\BOOKMARK [2][-]{subsection.2.5.1}{\376\377\000H\000y\000p\000o\000t\000h\000\350\000s\000e\000s}{section.2.5}% 26
\BOOKMARK [2][-]{subsection.2.5.2}{\376\377\000D\000\351\000v\000e\000l\000o\000p\000p\000e\000m\000e\000n\000t\000\040\000d\000e\000\040\000l\000a\000\040\000m\000\351\000t\000h\000o\000d\000e}{section.2.5}% 27
\BOOKMARK [2][-]{subsection.2.5.3}{\376\377\000D\000i\000s\000t\000a\000n\000c\000e\000\040\000d\000e\000\040\000d\000\351\000c\000o\000l\000l\000a\000g\000e\000\040\000\050\000s\000L\000O\000\051\000\040\000:\000\040\000I\000n\000t\000\351\000g\000r\000a\000t\000i\000o\000n\000\040\000p\000a\000r\000\040\000c\000h\000a\000n\000g\000e\000m\000e\000n\000t\000\040\000d\000e\000\040\000v\000a\000r\000i\000a\000b\000l\000e\000\040\000l\000i\000n\000\351\000a\000i\000r\000e}{section.2.5}% 28
\BOOKMARK [1][-]{section.2.6}{\376\377\000C\000a\000l\000c\000u\000l\000\040\000d\000e\000\040\000l\000a\000\040\000d\000i\000s\000t\000a\000n\000c\000e\000\040\000d\000e\000\040\000m\000o\000n\000t\000\351\000e\000\040\000e\000t\000\040\000d\000e\000\040\000f\000r\000a\000n\000c\000h\000i\000s\000s\000e\000m\000e\000n\000t\000\040\000d\000'\000o\000b\000s\000t\000a\000c\000l\000e}{chapter.2}% 29
\BOOKMARK [2][-]{subsection.2.6.1}{\376\377\000M\000\351\000t\000h\000o\000d\000e\000\040\000e\000s\000t\000\040\000d\000\351\000v\000e\000l\000o\000p\000p\000e\000r\000\040\000d\000a\000n\000s\000\040\000l\000e\000\040\000l\000i\000v\000r\000e\000\040\000W\000a\000r\000:\0000\0009}{section.2.6}% 30
\BOOKMARK [2][-]{subsection.2.6.2}{\376\377\000M\000\351\000t\000h\000o\000d\000e\000\040\000e\000s\000t\000\040\000d\000\351\000v\000e\000l\000o\000p\000p\000e\000r\000\040\000d\000a\000n\000s\000\040\000l\000e\000\040\000l\000i\000v\000r\000e\000\040\000s\000m\000i\000:\0006\0000}{section.2.6}% 31
\BOOKMARK [0][-]{chapter.3}{\376\377\000\040\000C\000o\000m\000p\000a\000r\000a\000i\000s\000o\000n\000\040}{}% 32
\BOOKMARK [1][-]{section.3.1}{\376\377\000A\000v\000i\000o\000n\000s\000\040\000\351\000t\000u\000d\000i\000\351\000s}{chapter.3}% 33
\BOOKMARK [2][-]{subsection.3.1.1}{\376\377\000R\000\351\000s\000u\000l\000t\000a\000t\000s\000\040\000d\000u\000\040\000C\000e\000s\000s\000n\000a\000\040\0001\0007\0002}{section.3.1}% 34
\BOOKMARK [2][-]{subsection.3.1.2}{\376\377\000R\000\351\000s\000u\000l\000t\000a\000t\000s\000\040\000d\000u\000\040\000B\000e\000l\000u\000g\000a\000r\000\040\000X\000L}{section.3.1}% 35
\BOOKMARK [2][-]{subsection.3.1.3}{\376\377\000C\000o\000m\000m\000e\000n\000t\000a\000i\000r\000e\000s\000\040\000g\000\351\000n\000\351\000r\000a\000l\000e\000s\000\040}{section.3.1}% 36
\BOOKMARK [1][-]{subsection.3.1.3}{\376\377\000B\000i\000b\000l\000i\000o\000g\000r\000a\000p\000h\000i\000e}{chapter.3}% 37
